ok - path prints the stable home-scoped board location
ok - build refuses malformed payloads before touching the board
ok - charted kind is optional and accepts queued and warning
ok - charted task_kind and context are optional and reach the built board
ok - a board with no home theme publishes the tracked neutral defaults
ok - a home theme and logo are inlined into the published board
ok - build refuses a theme or logo that cannot be inlined safely
ok - build refuses a template without a theme or a logo slot
ok - build injects the payload, binds any-origin, then arms the source
env-skip (needs tasks-axi) - test_registration_cannot_consume_before_any_origin_binding
ok - build establishes the Lavish session before binding and arming
ok - rebuild refreshes the board in place without double-arming
ok - build refuses a template without exactly one data slot
ok - a board build reopens a session the captain ended instead of arming a dead one
ok - build reopens a session that ends between establish and listing
ok - build refuses to arm a poll on a session that stays ended
ok - a rebuild starts a listener when an already-armed board has none
ok - build drops decision cards whose subject already landed and keeps open ones
ok - build keeps remote decisions absent from the main backlog
ok - build fails when reconcile cannot prove a live listener
ok - every decision card carries exactly one reconcile choice
ok - build refuses a payload that occupies the reserved reconcile value
ok - build reserves reconcile across non-decision cards
